../Core/Src/main.c:55:6:MX_TIM1_Init	16	static
../Core/Src/main.c:71:6:Timer_Wait	16	static
../Core/Src/main.c:78:6:buzzerOn	8	static
../Core/Src/main.c:82:6:buzzerOff	8	static
../Core/Src/main.c:86:6:playDot	8	static
../Core/Src/main.c:93:6:playDash	8	static
../Core/Src/main.c:100:6:playMorseChar	40	static
../Core/Src/main.c:125:6:convertirEtJouerMorse	24	static
../Core/Src/main.c:133:6:initBuzzer	32	static
../Core/Src/main.c:146:5:main	16	static
../Core/Src/main.c:166:6:SystemClock_Config	4	static
../Core/Src/main.c:170:13:MX_GPIO_Init	48	static
../Core/Src/main.c:184:6:Error_Handler	4	static,ignoring_inline_asm
